<html>
<body>
<pre>
<h1>µVision Build Log</h1>
<h2>Tool Versions:</h2>
IDE-Version: µVision V5.30.0.0
Copyright (C) 2020 ARM Ltd and ARM Germany GmbH. All rights reserved.
License Information: N\A N\A, N\A, LIC=----
 
Tool Versions:
Toolchain:       MDK-ARM Professional  Version: 5.30.0.0
Toolchain Path:  F:\Program Files\Development\Keil_v5\ARM\ARMCC\Bin
C Compiler:      Armcc.exe V5.06 update 6 (build 750)
Assembler:       Armasm.exe V5.06 update 6 (build 750)
Linker/Locator:  ArmLink.exe V5.06 update 6 (build 750)
Library Manager: ArmAr.exe V5.06 update 6 (build 750)
Hex Converter:   FromElf.exe V5.06 update 6 (build 750)
CPU DLL:         SARMCM3.DLL V5.30.0.0
Dialog DLL:      DCM.DLL V1.17.3.0
Target DLL:      STLink\ST-LINKIII-KEIL_SWO.dll V3.0.7.0
Dialog DLL:      TCM.DLL V1.42.0.0
 
<h2>Project:</h2>
F:\Program Files\Development\Projects\on-board-computer\MDK-ARM\FULL_1.uvprojx
Project File Date:  06/07/2020

<h2>Output:</h2>
*** Using Compiler 'V5.06 update 6 (build 750)', folder: 'F:\Program Files\Development\Keil_v5\ARM\ARMCC\Bin'
Rebuild target 'FULL_1'
assembling startup_stm32f407xx.s...
compiling rtc.c...
compiling gpio.c...
compiling tim.c...
compiling spi.c...
compiling dma.c...
compiling i2c.c...
compiling usart.c...
compiling fsmc.c...
compiling main.c...
compiling stm32f4xx_it.c...
compiling freertos.c...
compiling stm32f4xx_hal_msp.c...
compiling stm32f4xx_hal_sram.c...
compiling stm32f4xx_hal_timebase_tim.c...
compiling stm32f4xx_hal_i2c_ex.c...
compiling stm32f4xx_ll_fsmc.c...
compiling stm32f4xx_hal_rtc.c...
compiling stm32f4xx_hal_rtc_ex.c...
compiling stm32f4xx_hal_tim_ex.c...
compiling stm32f4xx_hal_spi.c...
compiling stm32f4xx_hal_i2c.c...
compiling stm32f4xx_hal_tim.c...
compiling stm32f4xx_hal_flash_ramfunc.c...
compiling stm32f4xx_hal_pwr_ex.c...
compiling stm32f4xx_hal_gpio.c...
compiling stm32f4xx_hal_flash_ex.c...
compiling stm32f4xx_hal_pwr.c...
compiling stm32f4xx_hal_rcc_ex.c...
compiling stm32f4xx_hal_flash.c...
compiling stm32f4xx_hal_dma.c...
compiling stm32f4xx_hal_dma_ex.c...
compiling stm32f4xx_hal_uart.c...
compiling stm32f4xx_hal_rcc.c...
compiling croutine.c...
compiling list.c...
compiling event_groups.c...
compiling timers.c...
compiling queue.c...
compiling stream_buffer.c...
compiling heap_4.c...
compiling tasks.c...
compiling port.c...
compiling cmsis_os.c...
compiling stm32f4xx_hal_cortex.c...
compiling system_stm32f4xx.c...
compiling stm32f4xx_hal_exti.c...
compiling stm32f4xx_hal.c...
compiling LCDConf.c...
compiling GUIConf.c...
compiling GUI_X_OS.c...
compiling MainWindowDLG.c...
..\EmWin\src\MainWindowDLG.c(98): warning:  #550-D: variable "hWin"  was set but never used
    WM_HWIN hItem, hWin;
..\EmWin\src\MainWindowDLG.c: 1 warning, 0 errors
compiling OBDWindowDLG.c...
..\EmWin\src\OBDWindowDLG.c(90): warning:  #550-D: variable "hWin"  was set but never used
    WM_HWIN hItem, hWin;
..\EmWin\src\OBDWindowDLG.c: 1 warning, 0 errors
compiling AboutDLG.c...
compiling AudioWindowDLG.c...
..\EmWin\src\AudioWindowDLG.c(119): warning:  #550-D: variable "hWin"  was set but never used
    WM_HWIN hItem, hWin;
..\EmWin\src\AudioWindowDLG.c: 1 warning, 0 errors
compiling SSD1963.c...
compiling TouchPanel.c...
compiling OBDII.c...
compiling W25Q.c...
compiling Arial Black32.c...
compiling TDA7318.c...
compiling RDA5807m.c...
compiling bmp280.c...
compiling BK8000L.c...
compiling SettingsWindowDLG.c...
..\EmWin\src\SettingsWindowDLG.c(116): warning:  #550-D: variable "hWin"  was set but never used
    WM_HWIN hItem, hWin;
..\EmWin\src\SettingsWindowDLG.c: 1 warning, 0 errors
compiling EqualizerWindowDLG.c...
..\EmWin\src\EqualizerWindowDLG.c(109): warning:  #550-D: variable "hWin"  was set but never used
    WM_HWIN hItem, hWin;
..\EmWin\src\EqualizerWindowDLG.c: 1 warning, 0 errors
linking...
Program Size: Code=123232 RO-data=57100 RW-data=1580 ZI-data=127876  
FromELF: creating hex file...
"FULL_1\FULL_1.axf" - 0 Error(s), 5 Warning(s).

<h2>Software Packages used:</h2>

Package Vendor: ARM
                http://www.keil.com/pack/ARM.CMSIS.5.7.0.pack
                ARM.CMSIS.5.7.0
                CMSIS (Cortex Microcontroller Software Interface Standard)
   * Component: CORE Version: 5.4.0

Package Vendor: Keil
                http://www.keil.com/pack/Keil.STM32F4xx_DFP.2.14.0.pack
                Keil.STM32F4xx_DFP.2.14.0
                STMicroelectronics STM32F4 Series Device Support, Drivers and Examples

<h2>Collection of Component include folders:</h2>
  .\RTE\_FULL_1
  C:\Users\Admin\AppData\Local\Arm\Packs\ARM\CMSIS\5.7.0\CMSIS\Core\Include
  C:\Users\Admin\AppData\Local\Arm\Packs\Keil\STM32F4xx_DFP\2.14.0\Drivers\CMSIS\Device\ST\STM32F4xx\Include

<h2>Collection of Component Files used:</h2>

   * Component: ARM::CMSIS:CORE:5.4.0
Build Time Elapsed:  00:00:13
</pre>
</body>
</html>
