<html>
<body>
<pre>
<h1>µVision Build Log</h1>
<h2>Tool Versions:</h2>
IDE-Version: µVision V5.26.2.0
Copyright (C) 2018 ARM Ltd and ARM Germany GmbH. All rights reserved.
License Information: Dmitry Alehin, RLT, LIC=Y2BNN-YM06K-NR6XL-0C8HA-19VMK-KEGB2
 
Tool Versions:
Toolchain:       MDK-ARM Professional  Version: 5.26.2.0
Toolchain Path:  C:\Keil_v5\ARM\ARMCC\Bin
C Compiler:      Armcc.exe V5.06 update 6 (build 750)
Assembler:       Armasm.exe V5.06 update 6 (build 750)
Linker/Locator:  ArmLink.exe V5.06 update 6 (build 750)
Library Manager: ArmAr.exe V5.06 update 6 (build 750)
Hex Converter:   FromElf.exe V5.06 update 6 (build 750)
CPU DLL:         SARMCM3.DLL V5.26.2.0
Dialog DLL:      DCM.DLL V1.17.2.0
Target DLL:      STLink\ST-LINKIII-KEIL_SWO.dll V3.0.5.0
Dialog DLL:      TCM.DLL V1.36.1.0
 
<h2>Project:</h2>
C:\Users\Admin\Desktop\Projects\on-board-computer\MDK-ARM\FULL_1.uvprojx
Project File Date:  07/23/2019

<h2>Output:</h2>
*** Using Compiler 'V5.06 update 6 (build 750)', folder: 'C:\Keil_v5\ARM\ARMCC\Bin'
Build target 'FULL_1'
compiling freertos.c...
..\PeriphDrivers\inc\TDA7318.h(54): warning:  #1-D: last line of file ends without a newline
  #endif
..\PeriphDrivers\inc\RDA5807m.h(8): warning:  #1-D: last line of file ends without a newline
  #endif
../Src/freertos.c(347): warning:  #167-D: argument of type "volatile BT_Values_Typedef *" is incompatible with parameter of type "BT_Values_Typedef *"
  					BTCheckState(BT_BUFFER, &BT_Value);	
../Src/freertos.c(382): warning:  #1035-D: single-precision operand implicitly converted to double-precision
  				Car_Param.FUEL_Liters = Car_Param.FUEL / 100.0 * 55.0;
../Src/freertos.c(393): warning:  #1035-D: single-precision operand implicitly converted to double-precision
  				Fb = (Saved_Parameters.K / 100.0) * (RPM / 60.0) * MAP * 0.8 * 28.98 / (8.31441 * (IAT + 273.15));
../Src/freertos.c(393): warning:  #1035-D: single-precision operand implicitly converted to double-precision
  				Fb = (Saved_Parameters.K / 100.0) * (RPM / 60.0) * MAP * 0.8 * 28.98 / (8.31441 * (IAT + 273.15));
../Src/freertos.c(394): warning:  #1035-D: single-precision operand implicitly converted to double-precision
  				Ft = 1000.0 * (1 + 0.001 * (IAT - 20.0)) * 3600.0 * Fb * 1 + ((SHRTFT + LONGFT) / 100.0) / (14.7 * 750.0);
../Src/freertos.c(394): warning:  #1035-D: single-precision operand implicitly converted to double-precision
  				Ft = 1000.0 * (1 + 0.001 * (IAT - 20.0)) * 3600.0 * Fb * 1 + ((SHRTFT + LONGFT) / 100.0) / (14.7 * 750.0);
../Src/freertos.c(395): warning:  #1035-D: single-precision operand implicitly converted to double-precision
  				Car_Param.Fuel_consumption = Ft / (VSS * 1000000.0);
../Src/freertos.c(416): warning:  #1035-D: single-precision operand implicitly converted to double-precision
  				Saved_Parameters.Average_consumption = Current_Consumption[0]/50.0;
../Src/freertos.c(479): warning:  #1035-D: single-precision operand implicitly converted to double-precision
  	Temp_Pres.Pressure = Temp_Pres.Pressure/133.3224;
../Src/freertos.c(486): warning:  #1035-D: single-precision operand implicitly converted to double-precision
  		Temp_Pres.Pressure = Temp_Pres.Pressure/133.3224;
../Src/freertos.c: 12 warnings, 0 errors
linking...
Program Size: Code=121792 RO-data=57056 RW-data=1568 ZI-data=127896  
FromELF: creating hex file...
"FULL_1\FULL_1.axf" - 0 Error(s), 12 Warning(s).

<h2>Software Packages used:</h2>

Package Vendor: ARM
                http://www.keil.com/pack/ARM.CMSIS.5.5.1.pack
                ARM.CMSIS.5.5.1
                CMSIS (Cortex Microcontroller Software Interface Standard)
   * Component: CORE Version: 5.2.0

Package Vendor: Keil
                http://www.keil.com/pack/Keil.STM32F4xx_DFP.2.13.0.pack
                Keil.STM32F4xx_DFP.2.13.0
                STMicroelectronics STM32F4 Series Device Support, Drivers and Examples

<h2>Collection of Component include folders:</h2>
  .\RTE\_FULL_1
  C:\Keil_v5\ARM\PACK\ARM\CMSIS\5.5.1\CMSIS\Core\Include
  C:\Keil_v5\ARM\PACK\Keil\STM32F4xx_DFP\2.13.0\Drivers\CMSIS\Device\ST\STM32F4xx\Include

<h2>Collection of Component Files used:</h2>

   * Component: ARM::CMSIS:CORE:5.2.0
Build Time Elapsed:  00:00:14
</pre>
</body>
</html>
